// Jest Snapshot v1, https://goo.gl/fbAQLP

exports[`FinancingCost should render the FinancingCost Component correctly 1`] = `
<Fragment>
  <div
    className="heading"
  >
    <h1>
      Fracciona tu pago
    </h1>
    <img
      alt="Sequra"
      src="https://assets-global.website-files.com/5f5f72f9edda90fbda5af283/5fd274a0a7dd297f88c5d8f2_SeQura-0.svg"
    />
  </div>
  <ol
    className="financing-steps"
  >
    <li
      className="financing-steps__item"
    >
      <p
        className="financing-steps__item__text"
      >
        Eliges Fracciona tu pago al realizar tu pedido y pagas solo la primera cuota.
      </p>
      <img
        alt="financing icon"
        src="https://assets-global.website-files.com/5f5f72f9edda90fbda5af283/5f71d32fcb2fc156704d4689_picto_formacion.svg"
      />
    </li>
    <li
      className="financing-steps__item"
    >
      <p
        className="financing-steps__item__text"
      >
        Recibes tu pedido
      </p>
      <img
        alt="financing icon"
        src="https://assets-global.website-files.com/5f5f72f9edda90fbda5af283/5f71d32fcb2fc156704d4689_picto_formacion.svg"
      />
    </li>
    <li
      className="financing-steps__item"
    >
      <p
        className="financing-steps__item__text"
      >
        El resto de pagos se cargaran automáticamente a tu tarjeta
      </p>
      <img
        alt="financing icon"
        src="https://assets-global.website-files.com/5f5f72f9edda90fbda5af283/5f71d32fcb2fc156704d4689_picto_formacion.svg"
      />
    </li>
  </ol>
  <p>
    <strong>
      ¡Así de simple!
    </strong>
  </p>
</Fragment>
`;
