// Jest Snapshot v1, https://goo.gl/fbAQLP

exports[`Loader should render the Loader Component correctly 1`] = `
<p>
  Loading...
</p>
`;
